absl-py==2.3.1
alabaster==1.0.0
asttokens==3.0.1
attrs==26.1.0
babel==2.18.0
certifi==2026.7.22
charset-normalizer==3.5.2
cloudpickle==3.1.2
colorama==0.4.6
comm==0.2.3
contourpy==1.3.3
cycler==0.12.1
cyclopts==5.1.1
debugpy==1.8.20
decorator==5.2.1
docstring_parser==0.18.0
docutils==0.22.4
easyocr==1.7.2
et_xmlfile==2.0.0
etils==1.13.0
executing==2.2.1
filelock==3.20.0
fonttools==4.61.0
fsspec==2025.10.0
glfw==2.10.0
idna==3.20
ImageIO==2.37.2
imagesize==2.0.1
importlib_resources==6.5.2
ipykernel==6.31.0
ipython==9.10.0
ipython_pygments_lexers==1.1.1
jedi==0.19.2
Jinja2==3.1.6
jupyter_client==8.8.0
jupyter_core==5.9.1
kiwisolver==1.4.9
lazy_loader==0.4
markdown-it-py==4.2.0
MarkupSafe==3.0.2
matplotlib==3.10.7
matplotlib-inline==0.2.1
mdurl==0.1.2
mpmath==1.3.0
mujoco==3.3.7
nest-asyncio==1.6.0
networkx==3.6.1
ninja==1.13.0
numpy==2.3.5
numpydoc==1.11.0
opencv-python==4.13.0.92
opencv-python-headless==4.13.0.92
openpyxl==3.1.5
packaging==25.0
pandas==3.0.1
parso==0.8.6
pillow==12.0.0
platformdirs==4.9.2
pooch==1.9.0
prompt_toolkit==3.0.52
psutil==7.2.2
pure_eval==0.2.3
pyclipper==1.4.0
Pygments==2.19.2
PyOpenGL==3.1.10
pyparsing==3.2.5
pypdf==6.19.0
python-bidi==0.6.7
python-dateutil==2.9.0.post0
pyvista==0.49.0
pyvista-validation==0.2.2
PyYAML==6.0.3
pyzmq==27.1.0
reportlab==5.0.1
requests==2.34.2
rich==15.0.0
rich-rst==2.2.0
roman-numerals==4.1.0
scikit-image==0.26.0
scipy==1.17.1
scooby==0.12.0
setuptools==70.2.0
shapely==2.1.2
six==1.17.0
snowballstemmer==3.1.1
Sphinx==9.1.0
sphinxcontrib-applehelp==2.0.0
sphinxcontrib-devhelp==2.0.0
sphinxcontrib-htmlhelp==2.1.0
sphinxcontrib-jsmath==1.0.1
sphinxcontrib-qthelp==2.0.0
sphinxcontrib-serializinghtml==2.0.0
spyder-kernels==3.1.3
stack-data==0.6.3
sympy==1.14.0
tifffile==2026.3.3
torch==2.10.0+cu128
torchvision==0.25.0+cu128
tornado==6.5.4
traitlets==5.14.3
typing_extensions==4.15.0
tzdata==2025.3
urllib3==2.8.0
vtk==9.7.1
wcwidth==0.6.0
zipp==3.23.0
