
state.py:15: ES01 No extended summary found

state.py:15: SA01 See Also section not found

state.py:15: EX01 No examples section found

state.py:44: ES01 No extended summary found

state.py:44: PR02 Unknown parameters {'restitution', 'dt', 'gravity', 'mass', 'radius'}

state.py:44: SA01 See Also section not found

state.py:44: EX01 No examples section found

state.py:85: ES01 No extended summary found

state.py:85: SA01 See Also section not found

state.py:85: EX01 No examples section found

state.py:112: ES01 No extended summary found

state.py:112: PR02 Unknown parameters {'height', 'width'}

state.py:112: SA01 See Also section not found

state.py:112: EX01 No examples section found

state.py:144: ES01 No extended summary found

state.py:144: SA01 See Also section not found

state.py:144: EX01 No examples section found

state.py:164: ES01 No extended summary found

state.py:164: SA01 See Also section not found

state.py:164: EX01 No examples section found

state.py:192: ES01 No extended summary found

state.py:192: PR02 Unknown parameters {'vx', 'step_count', 'vy', 'x', 'y'}

state.py:192: SA01 See Also section not found

state.py:192: EX01 No examples section found

state.py:234: ES01 No extended summary found

state.py:234: SA01 See Also section not found

state.py:234: EX01 No examples section found

state.py:251: ES01 No extended summary found

state.py:251: SA01 See Also section not found

state.py:251: EX01 No examples section found

state.py:277: ES01 No extended summary found

state.py:277: SA01 See Also section not found
