Collecting numpydoc
  Downloading numpydoc-1.11.0-py3-none-any.whl.metadata (3.8 kB)
Collecting sphinx>=6 (from numpydoc)
  Downloading sphinx-9.1.0-py3-none-any.whl.metadata (5.8 kB)
Collecting sphinxcontrib-applehelp>=1.0.7 (from sphinx>=6->numpydoc)
  Downloading sphinxcontrib_applehelp-2.0.0-py3-none-any.whl.metadata (2.3 kB)
Collecting sphinxcontrib-devhelp>=1.0.6 (from sphinx>=6->numpydoc)
  Downloading sphinxcontrib_devhelp-2.0.0-py3-none-any.whl.metadata (2.3 kB)
Collecting sphinxcontrib-htmlhelp>=2.0.6 (from sphinx>=6->numpydoc)
  Downloading sphinxcontrib_htmlhelp-2.1.0-py3-none-any.whl.metadata (2.3 kB)
Collecting sphinxcontrib-jsmath>=1.0.1 (from sphinx>=6->numpydoc)
  Downloading sphinxcontrib_jsmath-1.0.1-py2.py3-none-any.whl.metadata (1.4 kB)
Collecting sphinxcontrib-qthelp>=1.0.6 (from sphinx>=6->numpydoc)
  Downloading sphinxcontrib_qthelp-2.0.0-py3-none-any.whl.metadata (2.3 kB)
Collecting sphinxcontrib-serializinghtml>=1.1.9 (from sphinx>=6->numpydoc)
  Downloading sphinxcontrib_serializinghtml-2.0.0-py3-none-any.whl.metadata (2.4 kB)
Requirement already satisfied: Jinja2>=3.1 in C:\Users\omen16\AppData\Local\Programs\Python\Python312\Lib\site-packages (from sphinx>=6->numpydoc) (3.1.6)
Requirement already satisfied: Pygments>=2.17 in C:\Users\omen16\AppData\Local\Programs\Python\Python312\Lib\site-packages (from sphinx>=6->numpydoc) (2.19.2)
Collecting docutils<0.23,>=0.21 (from sphinx>=6->numpydoc)
  Downloading docutils-0.22.4-py3-none-any.whl.metadata (15 kB)
Collecting snowballstemmer>=2.2 (from sphinx>=6->numpydoc)
  Downloading snowballstemmer-3.1.1-py3-none-any.whl.metadata (7.9 kB)
Collecting babel>=2.13 (from sphinx>=6->numpydoc)
  Downloading babel-2.18.0-py3-none-any.whl.metadata (2.2 kB)
Collecting alabaster>=0.7.14 (from sphinx>=6->numpydoc)
  Downloading alabaster-1.0.0-py3-none-any.whl.metadata (2.8 kB)
Collecting imagesize>=1.3 (from sphinx>=6->numpydoc)
  Downloading imagesize-2.0.1-py3-none-any.whl.metadata (7.0 kB)
Requirement already satisfied: requests>=2.30.0 in C:\Users\omen16\AppData\Local\Programs\Python\Python312\Lib\site-packages (from sphinx>=6->numpydoc) (2.34.2)
Collecting roman-numerals>=1.0.0 (from sphinx>=6->numpydoc)
  Downloading roman_numerals-4.1.0-py3-none-any.whl.metadata (3.3 kB)
Requirement already satisfied: packaging>=23.0 in C:\Users\omen16\AppData\Local\Programs\Python\Python312\Lib\site-packages (from sphinx>=6->numpydoc) (25.0)
Requirement already satisfied: colorama>=0.4.6 in C:\Users\omen16\AppData\Local\Programs\Python\Python312\Lib\site-packages (from sphinx>=6->numpydoc) (0.4.6)
Requirement already satisfied: MarkupSafe>=2.0 in C:\Users\omen16\AppData\Local\Programs\Python\Python312\Lib\site-packages (from Jinja2>=3.1->sphinx>=6->numpydoc) (3.0.2)
Requirement already satisfied: charset_normalizer<4,>=2 in C:\Users\omen16\AppData\Local\Programs\Python\Python312\Lib\site-packages (from requests>=2.30.0->sphinx>=6->numpydoc) (3.5.2)
Requirement already satisfied: idna<4,>=2.5 in C:\Users\omen16\AppData\Local\Programs\Python\Python312\Lib\site-packages (from requests>=2.30.0->sphinx>=6->numpydoc) (3.20)
Requirement already satisfied: urllib3<3,>=1.26 in C:\Users\omen16\AppData\Local\Programs\Python\Python312\Lib\site-packages (from requests>=2.30.0->sphinx>=6->numpydoc) (2.8.0)
Requirement already satisfied: certifi>=2023.5.7 in C:\Users\omen16\AppData\Local\Programs\Python\Python312\Lib\site-packages (from requests>=2.30.0->sphinx>=6->numpydoc) (2026.7.22)
Downloading numpydoc-1.11.0-py3-none-any.whl (71 kB)
Downloading sphinx-9.1.0-py3-none-any.whl (3.9 MB)
   ---------------------------------------- 3.9/3.9 MB 11.7 MB/s  0:00:00
Downloading docutils-0.22.4-py3-none-any.whl (633 kB)
   ---------------------------------------- 633.2/633.2 kB 7.9 MB/s  0:00:00
Downloading alabaster-1.0.0-py3-none-any.whl (13 kB)
Downloading babel-2.18.0-py3-none-any.whl (10.2 MB)
   ---------------------------------------- 10.2/10.2 MB 11.6 MB/s  0:00:00
Downloading imagesize-2.0.1-py3-none-any.whl (14 kB)
Downloading roman_numerals-4.1.0-py3-none-any.whl (7.7 kB)
Downloading snowballstemmer-3.1.1-py3-none-any.whl (104 kB)
Downloading sphinxcontrib_applehelp-2.0.0-py3-none-any.whl (119 kB)
Downloading sphinxcontrib_devhelp-2.0.0-py3-none-any.whl (82 kB)
Downloading sphinxcontrib_htmlhelp-2.1.0-py3-none-any.whl (98 kB)
Downloading sphinxcontrib_jsmath-1.0.1-py2.py3-none-any.whl (5.1 kB)
Downloading sphinxcontrib_qthelp-2.0.0-py3-none-any.whl (88 kB)
Downloading sphinxcontrib_serializinghtml-2.0.0-py3-none-any.whl (92 kB)
Installing collected packages: sphinxcontrib-serializinghtml, sphinxcontrib-qthelp, sphinxcontrib-jsmath, sphinxcontrib-htmlhelp, sphinxcontrib-devhelp, sphinxcontrib-applehelp, snowballstemmer, roman-numerals, imagesize, docutils, babel, alabaster, sphinx, numpydoc

Successfully installed alabaster-1.0.0 babel-2.18.0 docutils-0.22.4 imagesize-2.0.1 numpydoc-1.11.0 roman-numerals-4.1.0 snowballstemmer-3.1.1 sphinx-9.1.0 sphinxcontrib-applehelp-2.0.0 sphinxcontrib-devhelp-2.0.0 sphinxcontrib-htmlhelp-2.1.0 sphinxcontrib-jsmath-1.0.1 sphinxcontrib-qthelp-2.0.0 sphinxcontrib-serializinghtml-2.0.0

[notice] A new release of pip is available: 26.0.1 -> 26.2.1
[notice] To update, run: python.exe -m pip install --upgrade pip
